I'm sorry, but errors were detected in your script. Please correct the
errors listed below, and try again.


File "game/script.rpy", line 84: invalid syntax
            if precentage > 1
    

Ren'Py Version: Ren'Py 8.0.3.22090809
Sun Dec 11 02:42:17 2022
